<?xml version="1.0" encoding="UTF-8"?>
<testsuites name="jest tests" tests="32" failures="17" errors="0" time="10.436">
  <testsuite name="GET /readSubscribers" errors="0" failures="3" skipped="0" timestamp="2025-03-24T15:16:56" time="4.301" tests="5">
    <testcase classname="GET /readSubscribers should return 200 and list of subscribers" name="GET /readSubscribers should return 200 and list of subscribers" time="0.512">
    </testcase>
    <testcase classname="GET /readSubscribers should return an empty array if no subscribers are found" name="GET /readSubscribers should return an empty array if no subscribers are found" time="0.246">
    </testcase>
    <testcase classname="GET /readSubscribers should return 500 if server error occurs" name="GET /readSubscribers should return 500 if server error occurs" time="0.258">
      <failure>Error: expect(received).toBe(expected) // Object.is equality

Expected: 500
Received: 200
    at C:\Users\Aniket\meet\specs\subscribers.spec.ts:64:29
    at Generator.next (&lt;anonymous&gt;)
    at fulfilled (C:\Users\Aniket\meet\specs\subscribers.spec.ts:5:58)
    at processTicksAndRejections (node:internal/process/task_queues:105:5)</failure>
    </testcase>
    <testcase classname="GET /readSubscribers should return 404 for an invalid endpoint" name="GET /readSubscribers should return 404 for an invalid endpoint" time="0.413">
      <failure>Error: expect(received).toBe(expected) // Object.is equality

Expected: 404
Received: 200
    at C:\Users\Aniket\meet\specs\subscribers.spec.ts:75:29
    at Generator.next (&lt;anonymous&gt;)
    at fulfilled (C:\Users\Aniket\meet\specs\subscribers.spec.ts:5:58)
    at processTicksAndRejections (node:internal/process/task_queues:105:5)</failure>
    </testcase>
    <testcase classname="GET /readSubscribers should return 404 for invalid HTTP method" name="GET /readSubscribers should return 404 for invalid HTTP method" time="0.308">
      <failure>Error: expect(received).toBe(expected) // Object.is equality

Expected: 404
Received: 200
    at C:\Users\Aniket\meet\specs\subscribers.spec.ts:87:29
    at Generator.next (&lt;anonymous&gt;)
    at fulfilled (C:\Users\Aniket\meet\specs\subscribers.spec.ts:5:58)
    at processTicksAndRejections (node:internal/process/task_queues:105:5)</failure>
    </testcase>
  </testsuite>
  <testsuite name="GET /eventNames" errors="0" failures="0" skipped="0" timestamp="2025-03-24T15:17:01" time="1.489" tests="4">
    <testcase classname="GET /eventNames should return 200 and list of events" name="GET /eventNames should return 200 and list of events" time="0.408">
    </testcase>
    <testcase classname="GET /eventNames should return events with correct fields" name="GET /eventNames should return events with correct fields" time="0.301">
    </testcase>
    <testcase classname="GET /eventNames should return valid data types" name="GET /eventNames should return valid data types" time="0.24">
    </testcase>
    <testcase classname="GET /eventNames should return an empty array if no events are available" name="GET /eventNames should return an empty array if no events are available" time="0.256">
    </testcase>
  </testsuite>
  <testsuite name="POST /login" errors="0" failures="6" skipped="0" timestamp="2025-03-24T15:16:56" time="6.891" tests="10">
    <testcase classname="POST /login should login the user with valid credentials" name="POST /login should login the user with valid credentials" time="0.913">
    </testcase>
    <testcase classname="POST /login should login the user with trimmed email and password" name="POST /login should login the user with trimmed email and password" time="0.301">
    </testcase>
    <testcase classname="POST /login should allow login with case-insensitive email" name="POST /login should allow login with case-insensitive email" time="0.398">
    </testcase>
    <testcase classname="POST /login should return 400 for invalid email format" name="POST /login should return 400 for invalid email format" time="0.37">
      <failure>Error: expect(received).toBe(expected) // Object.is equality

Expected: 400
Received: 200
    at C:\Users\Aniket\meet\specs\login-reg.spec.ts:50:29
    at Generator.next (&lt;anonymous&gt;)
    at fulfilled (C:\Users\Aniket\meet\specs\login-reg.spec.ts:5:58)
    at processTicksAndRejections (node:internal/process/task_queues:105:5)</failure>
    </testcase>
    <testcase classname="POST /login should return 401 for incorrect password" name="POST /login should return 401 for incorrect password" time="0.408">
      <failure>Error: expect(received).toBe(expected) // Object.is equality

Expected: 401
Received: 200
    at C:\Users\Aniket\meet\specs\login-reg.spec.ts:65:29
    at Generator.next (&lt;anonymous&gt;)
    at fulfilled (C:\Users\Aniket\meet\specs\login-reg.spec.ts:5:58)
    at processTicksAndRejections (node:internal/process/task_queues:105:5)</failure>
    </testcase>
    <testcase classname="POST /login should return 404 for non-existing email" name="POST /login should return 404 for non-existing email" time="0.352">
      <failure>Error: expect(received).toBe(expected) // Object.is equality

Expected: 404
Received: 200
    at C:\Users\Aniket\meet\specs\login-reg.spec.ts:80:29
    at Generator.next (&lt;anonymous&gt;)
    at fulfilled (C:\Users\Aniket\meet\specs\login-reg.spec.ts:5:58)
    at processTicksAndRejections (node:internal/process/task_queues:105:5)</failure>
    </testcase>
    <testcase classname="POST /login should return 400 for missing email" name="POST /login should return 400 for missing email" time="0.408">
      <failure>Error: expect(received).toBe(expected) // Object.is equality

Expected: 400
Received: 200
    at C:\Users\Aniket\meet\specs\login-reg.spec.ts:94:29
    at Generator.next (&lt;anonymous&gt;)
    at fulfilled (C:\Users\Aniket\meet\specs\login-reg.spec.ts:5:58)
    at processTicksAndRejections (node:internal/process/task_queues:105:5)</failure>
    </testcase>
    <testcase classname="POST /login should return 400 for missing password" name="POST /login should return 400 for missing password" time="0.375">
      <failure>Error: expect(received).toBe(expected) // Object.is equality

Expected: 400
Received: 200
    at C:\Users\Aniket\meet\specs\login-reg.spec.ts:108:29
    at Generator.next (&lt;anonymous&gt;)
    at fulfilled (C:\Users\Aniket\meet\specs\login-reg.spec.ts:5:58)
    at processTicksAndRejections (node:internal/process/task_queues:105:5)</failure>
    </testcase>
    <testcase classname="POST /login should return 400 for empty request body" name="POST /login should return 400 for empty request body" time="0.369">
      <failure>Error: expect(received).toBe(expected) // Object.is equality

Expected: 400
Received: 200
    at C:\Users\Aniket\meet\specs\login-reg.spec.ts:118:29
    at Generator.next (&lt;anonymous&gt;)
    at fulfilled (C:\Users\Aniket\meet\specs\login-reg.spec.ts:5:58)
    at processTicksAndRejections (node:internal/process/task_queues:105:5)</failure>
    </testcase>
    <testcase classname="POST /register should register a user with valid data" name="POST /register should register a user with valid data" time="0.38">
    </testcase>
  </testsuite>
  <testsuite name="POST /eventRegistration(individual)" errors="0" failures="8" skipped="0" timestamp="2025-03-24T15:16:56" time="7.763" tests="13">
    <testcase classname="POST /eventRegistration(individual) should register user with valid data and return 200" name="POST /eventRegistration(individual) should register user with valid data and return 200" time="0.883">
    </testcase>
    <testcase classname="POST /eventRegistration(individual) should fail when required fields are missing" name="POST /eventRegistration(individual) should fail when required fields are missing" time="0.473">
      <failure>Error: expect(received).toBe(expected) // Object.is equality

Expected: 400
Received: 200
    at C:\Users\Aniket\meet\specs\reg-forms.spec.ts:63:29
    at Generator.next (&lt;anonymous&gt;)
    at fulfilled (C:\Users\Aniket\meet\specs\reg-forms.spec.ts:5:58)
    at processTicksAndRejections (node:internal/process/task_queues:105:5)</failure>
    </testcase>
    <testcase classname="POST /corporateRegistration should register a user with valid data" name="POST /corporateRegistration should register a user with valid data" time="0.399">
    </testcase>
    <testcase classname="POST /sponsorRegistration should register a sponsor with valid data" name="POST /sponsorRegistration should register a sponsor with valid data" time="0.377">
    </testcase>
    <testcase classname="POST /sponsorRegistration should return 400 for invalid email format" name="POST /sponsorRegistration should return 400 for invalid email format" time="0.349">
      <failure>Error: expect(received).toBe(expected) // Object.is equality

Expected: 400
Received: 200
    at C:\Users\Aniket\meet\specs\reg-forms.spec.ts:197:29
    at Generator.next (&lt;anonymous&gt;)
    at fulfilled (C:\Users\Aniket\meet\specs\reg-forms.spec.ts:5:58)
    at processTicksAndRejections (node:internal/process/task_queues:105:5)</failure>
    </testcase>
    <testcase classname="POST /speakerRegistration should register a speaker with valid data" name="POST /speakerRegistration should register a speaker with valid data" time="0.375">
    </testcase>
    <testcase classname="POST /speakerRegistration should return 400 for missing required fields" name="POST /speakerRegistration should return 400 for missing required fields" time="0.401">
      <failure>Error: expect(received).toBe(expected) // Object.is equality

Expected: 400
Received: 200
    at C:\Users\Aniket\meet\specs\reg-forms.spec.ts:259:29
    at Generator.next (&lt;anonymous&gt;)
    at fulfilled (C:\Users\Aniket\meet\specs\reg-forms.spec.ts:5:58)
    at processTicksAndRejections (node:internal/process/task_queues:105:5)</failure>
    </testcase>
    <testcase classname="POST /speakerRegistration should return 400 for invalid email format" name="POST /speakerRegistration should return 400 for invalid email format" time="0.36">
      <failure>Error: expect(received).toBe(expected) // Object.is equality

Expected: 400
Received: 200
    at C:\Users\Aniket\meet\specs\reg-forms.spec.ts:283:29
    at Generator.next (&lt;anonymous&gt;)
    at fulfilled (C:\Users\Aniket\meet\specs\reg-forms.spec.ts:5:58)
    at processTicksAndRejections (node:internal/process/task_queues:105:5)</failure>
    </testcase>
    <testcase classname="POST /speakerRegistration should return 400 for invalid phone number length" name="POST /speakerRegistration should return 400 for invalid phone number length" time="0.396">
      <failure>Error: expect(received).toBe(expected) // Object.is equality

Expected: 400
Received: 200
    at C:\Users\Aniket\meet\specs\reg-forms.spec.ts:307:29
    at Generator.next (&lt;anonymous&gt;)
    at fulfilled (C:\Users\Aniket\meet\specs\reg-forms.spec.ts:5:58)
    at processTicksAndRejections (node:internal/process/task_queues:105:5)</failure>
    </testcase>
    <testcase classname="GET /registrationsTypeBased should return 200 and list of registration types and counts" name="GET /registrationsTypeBased should return 200 and list of registration types and counts" time="0.245">
    </testcase>
    <testcase classname="GET /registrationsTypeBased should return 404 for an invalid endpoint" name="GET /registrationsTypeBased should return 404 for an invalid endpoint" time="0.232">
      <failure>Error: expect(received).toBe(expected) // Object.is equality

Expected: 404
Received: 200
    at C:\Users\Aniket\meet\specs\reg-forms.spec.ts:376:29
    at Generator.next (&lt;anonymous&gt;)
    at fulfilled (C:\Users\Aniket\meet\specs\reg-forms.spec.ts:5:58)
    at processTicksAndRejections (node:internal/process/task_queues:105:5)</failure>
    </testcase>
    <testcase classname="GET /registrationsTypeBased should return more than 0 registration types" name="GET /registrationsTypeBased should return more than 0 registration types" time="0.228">
      <failure>Error: expect(received).toBeGreaterThan(expected)

Matcher error: received value must be a number or bigint

Received has value: undefined
    at C:\Users\Aniket\meet\specs\reg-forms.spec.ts:382:34
    at Generator.next (&lt;anonymous&gt;)
    at fulfilled (C:\Users\Aniket\meet\specs\reg-forms.spec.ts:5:58)
    at processTicksAndRejections (node:internal/process/task_queues:105:5)</failure>
    </testcase>
    <testcase classname="GET /registrationsTypeBased should return 404 for invalid HTTP method" name="GET /registrationsTypeBased should return 404 for invalid HTTP method" time="0.41">
      <failure>Error: expect(received).toBe(expected) // Object.is equality

Expected: 404
Received: 200
    at C:\Users\Aniket\meet\specs\reg-forms.spec.ts:388:29
    at Generator.next (&lt;anonymous&gt;)
    at fulfilled (C:\Users\Aniket\meet\specs\reg-forms.spec.ts:5:58)
    at processTicksAndRejections (node:internal/process/task_queues:105:5)</failure>
    </testcase>
  </testsuite>
</testsuites>